67 REVERT
stack:  [0, 0, Concat(0, Extract(255, 224, calldataload(0)))]
memory: [0, 0, 0, 0, 0, 0, 0, 0, 0, 0, 0, 0, 0, 0, 0, 0, 0, 0, 0, 0, 0, 0, 0, 0, 0, 0, 0, 0, 0, 0, 0, 0, 0, 0, 0, 0, 0, 0, 0, 0, 0, 0, 0, 0, 0, 0, 0, 0, 0, 0, 0, 0, 0, 0, 0, 0, 0, 0, 0, 0, 0, 0, 0, 0, 0, 0, 0, 0, 0, 0, 0, 0, 0, 0, 0, 0, 0, 0, 0, 0, 0, 0, 0, 0, 0, 0, 0, 0, 0, 0, 0, 0, 0, 0, 0, 128]
storage
[ULE(4, calldatasize),
 Not(Extract(255, 224, calldataload(0)) == 1264903314)]
78 REVERT
stack:  [0, 0, callvalue, Concat(0, Extract(255, 224, calldataload(0)))]
memory: [0, 0, 0, 0, 0, 0, 0, 0, 0, 0, 0, 0, 0, 0, 0, 0, 0, 0, 0, 0, 0, 0, 0, 0, 0, 0, 0, 0, 0, 0, 0, 0, 0, 0, 0, 0, 0, 0, 0, 0, 0, 0, 0, 0, 0, 0, 0, 0, 0, 0, 0, 0, 0, 0, 0, 0, 0, 0, 0, 0, 0, 0, 0, 0, 0, 0, 0, 0, 0, 0, 0, 0, 0, 0, 0, 0, 0, 0, 0, 0, 0, 0, 0, 0, 0, 0, 0, 0, 0, 0, 0, 0, 0, 0, 0, 128]
storage
[ULE(4, calldatasize),
 Extract(255, 224, calldataload(0)) == 1264903314,
 Not(callvalue == 0)]
195 RETURN
stack:  [128, 32, Concat(0, Extract(255, 224, calldataload(0)))]
memory: [0, 0, 0, 0, 0, 0, 0, 0, 0, 0, 0, 0, 0, 0, 0, 0, 0, 0, 0, 0, 0, 0, 0, 0, 0, 0, 0, 0, 0, 0, 0, 0, 0, 0, 0, 0, 0, 0, 0, 0, 0, 0, 0, 0, 0, 0, 0, 0, 0, 0, 0, 0, 0, 0, 0, 0, 0, 0, 0, 0, 0, 0, 0, 0, 0, 0, 0, 0, 0, 0, 0, 0, 0, 0, 0, 0, 0, 0, 0, 0, 0, 0, 0, 0, 0, 0, 0, 0, 0, 0, 0, 0, 0, 0, 0, 128, 0, 0, 0, 0, 0, 0, 0, 0, 0, 0, 0, 0, 0, 0, 0, 0, 0, 0, 0, 0, 0, 0, 0, 0, 0, 0, 0, 0, 0, 0, 0, 0, 0, 0, 0, 0, 0, 0, 0, 0, 0, 0, 0, 0, Extract(159, 152, calldataload(4)), Extract(151, 144, calldataload(4)), Extract(143, 136, calldataload(4)), Extract(135, 128, calldataload(4)), Extract(127, 120, calldataload(4)), Extract(119, 112, calldataload(4)), Extract(111, 104, calldataload(4)), Extract(103, 96, calldataload(4)), Extract(95, 88, calldataload(4)), Extract(87, 80, calldataload(4)), Extract(79, 72, calldataload(4)), Extract(71, 64, calldataload(4)), Extract(63, 56, calldataload(4)), Extract(55, 48, calldataload(4)), Extract(47, 40, calldataload(4)), Extract(39, 32, calldataload(4)), Extract(31, 24, calldataload(4)), Extract(23, 16, calldataload(4)), Extract(15, 8, calldataload(4)), Extract(7, 0, calldataload(4))]
storage
[ULE(4, calldatasize),
 Extract(255, 224, calldataload(0)) == 1264903314,
 callvalue == 0]
67 REVERT
stack:  [0, 0]
memory: [0, 0, 0, 0, 0, 0, 0, 0, 0, 0, 0, 0, 0, 0, 0, 0, 0, 0, 0, 0, 0, 0, 0, 0, 0, 0, 0, 0, 0, 0, 0, 0, 0, 0, 0, 0, 0, 0, 0, 0, 0, 0, 0, 0, 0, 0, 0, 0, 0, 0, 0, 0, 0, 0, 0, 0, 0, 0, 0, 0, 0, 0, 0, 0, 0, 0, 0, 0, 0, 0, 0, 0, 0, 0, 0, 0, 0, 0, 0, 0, 0, 0, 0, 0, 0, 0, 0, 0, 0, 0, 0, 0, 0, 0, 0, 128]
storage
[Not(ULE(4, calldatasize))]
