9 STOP
stack:  [Concat(0, Extract(255, 224, calldataload(0)))]
memory: [0, 0, 0, 0, 0, 0, 0, 0, 0, 0, 0, 0, 0, 0, 0, 0, 0, 0, 0, 0, 0, 0, 0, 0, 0, 0, 0, 0, Extract(255, 248, calldataload(0)), Extract(247, 240, calldataload(0)), Extract(239, 232, calldataload(0)), Extract(231, 224, calldataload(0)), Extract(223, 216, calldataload(0)), Extract(215, 208, calldataload(0)), Extract(207, 200, calldataload(0)), Extract(199, 192, calldataload(0)), Extract(191, 184, calldataload(0)), Extract(183, 176, calldataload(0)), Extract(175, 168, calldataload(0)), Extract(167, 160, calldataload(0)), Extract(159, 152, calldataload(0)), Extract(151, 144, calldataload(0)), Extract(143, 136, calldataload(0)), Extract(135, 128, calldataload(0)), Extract(127, 120, calldataload(0)), Extract(119, 112, calldataload(0)), Extract(111, 104, calldataload(0)), Extract(103, 96, calldataload(0)), Extract(95, 88, calldataload(0)), Extract(87, 80, calldataload(0)), Extract(79, 72, calldataload(0)), Extract(71, 64, calldataload(0)), Extract(63, 56, calldataload(0)), Extract(55, 48, calldataload(0)), Extract(47, 40, calldataload(0)), Extract(39, 32, calldataload(0)), Extract(31, 24, calldataload(0)), Extract(23, 16, calldataload(0)), Extract(15, 8, calldataload(0)), Extract(7, 0, calldataload(0)), 0, 0, 0, 0]
storage: storage
path: []
output: None
log: []

unsat
