stack:  [x]
memory: [Extract(255, 248, x), Extract(247, 240, x), Extract(239, 232, x), Extract(231, 224, x), Extract(223, 216, x), Extract(215, 208, x), Extract(207, 200, x), Extract(199, 192, x), Extract(191, 184, x), Extract(183, 176, x), Extract(175, 168, x), Extract(167, 160, x), Extract(159, 152, x), Extract(151, 144, x), Extract(143, 136, x), Extract(135, 128, x), Extract(127, 120, x), Extract(119, 112, x), Extract(111, 104, x), Extract(103, 96, x), Extract(95, 88, x), Extract(87, 80, x), Extract(79, 72, x), Extract(71, 64, x), Extract(63, 56, x), Extract(55, 48, x), Extract(47, 40, x), Extract(39, 32, x), Extract(31, 24, x), Extract(23, 16, x), Extract(15, 8, x), Extract(7, 0, x)]
